Jun  8 00:00:01 ubuntu sshd[233684]: Failed password for invalid user test from 112.214.196.14 port 37726 ssh2
Jun  8 00:00:02 ubuntu sshd[233684]: pam_unix(sshd:auth): check pass; user unknown
Jun  8 00:00:02 ubuntu sshd[233686]: Failed password for root from 82.67.33.183 port 42418 ssh2
Jun  8 00:00:03 ubuntu sshd[233688]: Failed password for invalid user avalanche from 161.35.28.178 port 34344 ssh2
Jun  8 00:00:04 ubuntu sshd[233688]: Connection closed by invalid user avalanche 161.35.28.178 port 34344 [preauth]
Jun  8 00:00:04 ubuntu sshd[233686]: Connection closed by authenticating user root 82.67.33.183 port 42418 [preauth]
Jun  8 00:00:04 ubuntu sshd[233684]: Failed password for invalid user test from 112.214.196.14 port 37726 ssh2
Jun  8 00:00:05 ubuntu sshd[233684]: pam_unix(sshd:auth): check pass; user unknown
Jun  8 00:00:06 ubuntu sshd[233684]: Failed password for invalid user test from 112.214.196.14 port 37726 ssh2
Jun  8 00:00:08 ubuntu sshd[233684]: pam_unix(sshd:auth): check pass; user unknown
Jun  8 00:00:09 ubuntu sshd[233725]: pam_unix(sshd:auth): authentication failure; logname= uid=0 euid=0 tty=ssh ruser= rhost=82.67.33.183  user=root
Jun  8 00:00:10 ubuntu sshd[233684]: Failed password for invalid user test from 112.214.196.14 port 37726 ssh2
Jun  8 00:00:11 ubuntu sshd[233684]: pam_unix(sshd:auth): check pass; user unknown
Jun  8 00:00:11 ubuntu sshd[233725]: Failed password for root from 82.67.33.183 port 33102 ssh2
Jun  8 00:00:13 ubuntu sshd[233684]: Failed password for invalid user test from 112.214.196.14 port 37726 ssh2
Jun  8 00:00:14 ubuntu sshd[233684]: error: maximum authentication attempts exceeded for invalid user test from 112.214.196.14 port 37726 ssh2 [preauth]
Jun  8 00:00:14 ubuntu sshd[233684]: Disconnecting invalid user test 112.214.196.14 port 37726: Too many authentication failures [preauth]
Jun  8 00:00:14 ubuntu sshd[233684]: PAM 5 more authentication failures; logname= uid=0 euid=0 tty=ssh ruser= rhost=112.214.196.14 
Jun  8 00:00:14 ubuntu sshd[233684]: PAM service(sshd) ignoring max retries; 6 > 3
Jun  8 00:00:15 ubuntu sshd[233727]: Invalid user test from 112.214.196.14 port 39144
Jun  8 00:00:15 ubuntu sshd[233727]: pam_unix(sshd:auth): check pass; user unknown
Jun  8 00:00:15 ubuntu sshd[233727]: pam_unix(sshd:auth): authentication failure; logname= uid=0 euid=0 tty=ssh ruser= rhost=112.214.196.14 
Jun  8 00:00:16 ubuntu sshd[233725]: Connection closed by authenticating user root 82.67.33.183 port 33102 [preauth]
Jun  8 00:00:17 ubuntu sshd[233731]: Invalid user litenode from 142.93.204.139 port 38422
Jun  8 00:00:17 ubuntu sshd[233731]: pam_unix(sshd:auth): check pass; user unknown
Jun  8 00:00:17 ubuntu sshd[233731]: pam_unix(sshd:auth): authentication failure; logname= uid=0 euid=0 tty=ssh ruser= rhost=142.93.204.139 
Jun  8 00:00:17 ubuntu sshd[233727]: Failed password for invalid user test from 112.214.196.14 port 39144 ssh2
Jun  8 00:00:18 ubuntu sshd[233727]: pam_unix(sshd:auth): check pass; user unknown
Jun  8 00:00:19 ubuntu sshd[233731]: Failed password for invalid user litenode from 142.93.204.139 port 38422 ssh2
Jun  8 00:00:19 ubuntu sshd[233731]: Connection closed by invalid user litenode 142.93.204.139 port 38422 [preauth]
Jun  8 00:00:21 ubuntu sshd[233727]: Failed password for invalid user test from 112.214.196.14 port 39144 ssh2
Jun  8 00:00:21 ubuntu sshd[233727]: pam_unix(sshd:auth): check pass; user unknown
Jun  8 00:00:22 ubuntu sshd[233729]: pam_unix(sshd:auth): authentication failure; logname= uid=0 euid=0 tty=ssh ruser= rhost=82.67.33.183  user=root
Jun  8 00:00:23 ubuntu sshd[233727]: Failed password for invalid user test from 112.214.196.14 port 39144 ssh2
Jun  8 00:00:24 ubuntu sshd[233729]: Failed password for root from 82.67.33.183 port 59634 ssh2
Jun  8 00:00:24 ubuntu sshd[233727]: pam_unix(sshd:auth): check pass; user unknown
Jun  8 00:00:26 ubuntu sshd[233729]: Connection closed by authenticating user root 82.67.33.183 port 59634 [preauth]
Jun  8 00:00:26 ubuntu sshd[233727]: Failed password for invalid user test from 112.214.196.14 port 39144 ssh2
Jun  8 00:00:27 ubuntu sshd[233727]: Received disconnect from 112.214.196.14 port 39144:11: disconnected by user [preauth]
Jun  8 00:00:27 ubuntu sshd[233727]: Disconnected from invalid user test 112.214.196.14 port 39144 [preauth]
Jun  8 00:00:27 ubuntu sshd[233727]: PAM 3 more authentication failures; logname= uid=0 euid=0 tty=ssh ruser= rhost=112.214.196.14 
Jun  8 00:00:27 ubuntu sshd[233727]: PAM service(sshd) ignoring max retries; 4 > 3
Jun  8 00:00:29 ubuntu sshd[233735]: Invalid user user from 112.214.196.14 port 40082
Jun  8 00:00:29 ubuntu sshd[233735]: pam_unix(sshd:auth): check pass; user unknown
Jun  8 00:00:29 ubuntu sshd[233735]: pam_unix(sshd:auth): authentication failure; logname= uid=0 euid=0 tty=ssh ruser= rhost=112.214.196.14 
Jun  8 00:00:31 ubuntu sshd[233735]: Failed password for invalid user user from 112.214.196.14 port 40082 ssh2
Jun  8 00:00:31 ubuntu sshd[233733]: pam_unix(sshd:auth): authentication failure; logname= uid=0 euid=0 tty=ssh ruser= rhost=82.67.33.183  user=root
Jun  8 00:00:32 ubuntu sshd[233735]: pam_unix(sshd:auth): check pass; user unknown
Jun  8 00:00:33 ubuntu sshd[233733]: Failed password for root from 82.67.33.183 port 53168 ssh2
Jun  8 00:00:34 ubuntu sshd[233735]: Failed password for invalid user user from 112.214.196.14 port 40082 ssh2
Jun  8 00:00:35 ubuntu sshd[233735]: pam_unix(sshd:auth): check pass; user unknown
Jun  8 00:00:35 ubuntu sshd[233733]: Connection closed by authenticating user root 82.67.33.183 port 53168 [preauth]
Jun  8 00:00:37 ubuntu sshd[233735]: Failed password for invalid user user from 112.214.196.14 port 40082 ssh2
Jun  8 00:00:38 ubuntu sshd[233735]: pam_unix(sshd:auth): check pass; user unknown
Jun  8 00:00:41 ubuntu sshd[233735]: Failed password for invalid user user from 112.214.196.14 port 40082 ssh2
Jun  8 00:00:41 ubuntu sshd[233737]: pam_unix(sshd:auth): authentication failure; logname= uid=0 euid=0 tty=ssh ruser= rhost=82.67.33.183  user=root
Jun  8 00:00:42 ubuntu sshd[233735]: pam_unix(sshd:auth): check pass; user unknown
Jun  8 00:00:43 ubuntu sshd[233737]: Failed password for root from 82.67.33.183 port 45810 ssh2
Jun  8 00:00:44 ubuntu sshd[233735]: Failed password for invalid user user from 112.214.196.14 port 40082 ssh2
Jun  8 00:00:45 ubuntu sshd[233735]: pam_unix(sshd:auth): check pass; user unknown
Jun  8 00:00:45 ubuntu sshd[233737]: Connection closed by authenticating user root 82.67.33.183 port 45810 [preauth]
Jun  8 00:00:47 ubuntu sshd[233735]: Failed password for invalid user user from 112.214.196.14 port 40082 ssh2
Jun  8 00:00:48 ubuntu sshd[233735]: error: maximum authentication attempts exceeded for invalid user user from 112.214.196.14 port 40082 ssh2 [preauth]
Jun  8 00:00:48 ubuntu sshd[233735]: Disconnecting invalid user user 112.214.196.14 port 40082: Too many authentication failures [preauth]
Jun  8 00:00:48 ubuntu sshd[233735]: PAM 5 more authentication failures; logname= uid=0 euid=0 tty=ssh ruser= rhost=112.214.196.14 
Jun  8 00:00:48 ubuntu sshd[233735]: PAM service(sshd) ignoring max retries; 6 > 3
Jun  8 00:00:50 ubuntu sshd[233739]: pam_unix(sshd:auth): authentication failure; logname= uid=0 euid=0 tty=ssh ruser= rhost=82.67.33.183  user=root
Jun  8 00:00:50 ubuntu sshd[233741]: Invalid user user from 112.214.196.14 port 41512
Jun  8 00:00:50 ubuntu sshd[233741]: pam_unix(sshd:auth): check pass; user unknown
Jun  8 00:00:50 ubuntu sshd[233741]: pam_unix(sshd:auth): authentication failure; logname= uid=0 euid=0 tty=ssh ruser= rhost=112.214.196.14 
Jun  8 00:00:52 ubuntu sshd[233739]: Failed password for root from 82.67.33.183 port 59054 ssh2
Jun  8 00:00:53 ubuntu sshd[233741]: Failed password for invalid user user from 112.214.196.14 port 41512 ssh2
Jun  8 00:00:54 ubuntu sshd[233741]: pam_unix(sshd:auth): check pass; user unknown
Jun  8 00:00:54 ubuntu sshd[233739]: Connection closed by authenticating user root 82.67.33.183 port 59054 [preauth]
Jun  8 00:00:56 ubuntu sshd[233741]: Failed password for invalid user user from 112.214.196.14 port 41512 ssh2
Jun  8 00:00:57 ubuntu sshd[233741]: pam_unix(sshd:auth): check pass; user unknown
Jun  8 00:00:59 ubuntu sshd[233741]: Failed password for invalid user user from 112.214.196.14 port 41512 ssh2
Jun  8 00:00:59 ubuntu sshd[233743]: pam_unix(sshd:auth): authentication failure; logname= uid=0 euid=0 tty=ssh ruser= rhost=82.67.33.183  user=root
Jun  8 00:01:00 ubuntu sshd[233741]: pam_unix(sshd:auth): check pass; user unknown
Jun  8 00:01:00 ubuntu sshd[233743]: Failed password for root from 82.67.33.183 port 43516 ssh2
Jun  8 00:01:01 ubuntu sshd[233743]: Connection closed by authenticating user root 82.67.33.183 port 43516 [preauth]
Jun  8 00:01:02 ubuntu sshd[233741]: Failed password for invalid user user from 112.214.196.14 port 41512 ssh2
Jun  8 00:01:03 ubuntu sshd[233741]: pam_unix(sshd:auth): check pass; user unknown
Jun  8 00:01:05 ubuntu sshd[233741]: Failed password for invalid user user from 112.214.196.14 port 41512 ssh2
Jun  8 00:01:06 ubuntu sshd[233741]: pam_unix(sshd:auth): check pass; user unknown
Jun  8 00:01:07 ubuntu sshd[233745]: pam_unix(sshd:auth): authentication failure; logname= uid=0 euid=0 tty=ssh ruser= rhost=82.67.33.183  user=root
Jun  8 00:01:08 ubuntu sshd[233741]: Failed password for invalid user user from 112.214.196.14 port 41512 ssh2
Jun  8 00:01:09 ubuntu sshd[233741]: error: maximum authentication attempts exceeded for invalid user user from 112.214.196.14 port 41512 ssh2 [preauth]
Jun  8 00:01:09 ubuntu sshd[233741]: Disconnecting invalid user user 112.214.196.14 port 41512: Too many authentication failures [preauth]
Jun  8 00:01:09 ubuntu sshd[233741]: PAM 5 more authentication failures; logname= uid=0 euid=0 tty=ssh ruser= rhost=112.214.196.14 
Jun  8 00:01:09 ubuntu sshd[233741]: PAM service(sshd) ignoring max retries; 6 > 3
Jun  8 00:01:09 ubuntu sshd[233745]: Failed password for root from 82.67.33.183 port 43530 ssh2
Jun  8 00:01:11 ubuntu sshd[233747]: Invalid user user from 112.214.196.14 port 43044
Jun  8 00:01:11 ubuntu sshd[233747]: pam_unix(sshd:auth): check pass; user unknown
Jun  8 00:01:11 ubuntu sshd[233747]: pam_unix(sshd:auth): authentication failure; logname= uid=0 euid=0 tty=ssh ruser= rhost=112.214.196.14 
Jun  8 00:01:12 ubuntu sshd[233745]: Connection closed by authenticating user root 82.67.33.183 port 43530 [preauth]
Jun  8 00:01:13 ubuntu sshd[233747]: Failed password for invalid user user from 112.214.196.14 port 43044 ssh2
Jun  8 00:01:14 ubuntu sshd[233747]: pam_unix(sshd:auth): check pass; user unknown
Jun  8 00:01:17 ubuntu sshd[233747]: Failed password for invalid user user from 112.214.196.14 port 43044 ssh2
Jun  8 00:01:18 ubuntu sshd[233747]: pam_unix(sshd:auth): check pass; user unknown
Jun  8 00:01:19 ubuntu sshd[233747]: Failed password for invalid user user from 112.214.196.14 port 43044 ssh2
Jun  8 00:01:20 ubuntu sshd[233749]: pam_unix(sshd:auth): authentication failure; logname= uid=0 euid=0 tty=ssh ruser= rhost=82.67.33.183  user=root
Jun  8 00:01:21 ubuntu sshd[233747]: pam_unix(sshd:auth): check pass; user unknown
Jun  8 00:01:22 ubuntu sshd[233749]: Failed password for root from 82.67.33.183 port 42014 ssh2
Jun  8 00:01:22 ubuntu sshd[233747]: Failed password for invalid user user from 112.214.196.14 port 43044 ssh2
Jun  8 00:01:24 ubuntu sshd[233749]: Connection closed by authenticating user root 82.67.33.183 port 42014 [preauth]
Jun  8 00:01:24 ubuntu sshd[233747]: Received disconnect from 112.214.196.14 port 43044:11: disconnected by user [preauth]
Jun  8 00:01:24 ubuntu sshd[233747]: Disconnected from invalid user user 112.214.196.14 port 43044 [preauth]
Jun  8 00:01:24 ubuntu sshd[233747]: PAM 3 more authentication failures; logname= uid=0 euid=0 tty=ssh ruser= rhost=112.214.196.14 
Jun  8 00:01:24 ubuntu sshd[233747]: PAM service(sshd) ignoring max retries; 4 > 3
Jun  8 00:01:26 ubuntu sshd[233751]: Invalid user ftpuser from 112.214.196.14 port 44116
Jun  8 00:01:26 ubuntu sshd[233751]: pam_unix(sshd:auth): check pass; user unknown
Jun  8 00:01:26 ubuntu sshd[233751]: pam_unix(sshd:auth): authentication failure; logname= uid=0 euid=0 tty=ssh ruser= rhost=112.214.196.14 
Jun  8 00:01:28 ubuntu sshd[233752]: pam_unix(sshd:auth): authentication failure; logname= uid=0 euid=0 tty=ssh ruser= rhost=82.67.33.183  user=root
Jun  8 00:01:28 ubuntu sshd[233751]: Failed password for invalid user ftpuser from 112.214.196.14 port 44116 ssh2
Jun  8 00:01:29 ubuntu sshd[233751]: pam_unix(sshd:auth): check pass; user unknown
Jun  8 00:01:30 ubuntu sshd[233752]: Failed password for root from 82.67.33.183 port 59962 ssh2
Jun  8 00:01:31 ubuntu sshd[233751]: Failed password for invalid user ftpuser from 112.214.196.14 port 44116 ssh2
Jun  8 00:01:32 ubuntu sshd[233752]: Connection closed by authenticating user root 82.67.33.183 port 59962 [preauth]
Jun  8 00:01:33 ubuntu sshd[233751]: pam_unix(sshd:auth): check pass; user unknown
Jun  8 00:01:34 ubuntu sshd[233751]: Failed password for invalid user ftpuser from 112.214.196.14 port 44116 ssh2
Jun  8 00:01:35 ubuntu sshd[233751]: pam_unix(sshd:auth): check pass; user unknown
Jun  8 00:01:37 ubuntu sshd[233751]: Failed password for invalid user ftpuser from 112.214.196.14 port 44116 ssh2
Jun  8 00:01:38 ubuntu sshd[233755]: pam_unix(sshd:auth): authentication failure; logname= uid=0 euid=0 tty=ssh ruser= rhost=82.67.33.183  user=root
Jun  8 00:01:38 ubuntu sshd[233751]: pam_unix(sshd:auth): check pass; user unknown
Jun  8 00:01:40 ubuntu sshd[233755]: Failed password for root from 82.67.33.183 port 59976 ssh2
Jun  8 00:01:41 ubuntu sshd[233751]: Failed password for invalid user ftpuser from 112.214.196.14 port 44116 ssh2
Jun  8 00:01:42 ubuntu sshd[233751]: pam_unix(sshd:auth): check pass; user unknown
Jun  8 00:01:42 ubuntu sshd[233755]: Connection closed by authenticating user root 82.67.33.183 port 59976 [preauth]
Jun  8 00:01:44 ubuntu sshd[233751]: Failed password for invalid user ftpuser from 112.214.196.14 port 44116 ssh2
Jun  8 00:01:45 ubuntu sshd[233751]: error: maximum authentication attempts exceeded for invalid user ftpuser from 112.214.196.14 port 44116 ssh2 [preauth]
Jun  8 00:01:45 ubuntu sshd[233751]: Disconnecting invalid user ftpuser 112.214.196.14 port 44116: Too many authentication failures [preauth]
Jun  8 00:01:45 ubuntu sshd[233751]: PAM 5 more authentication failures; logname= uid=0 euid=0 tty=ssh ruser= rhost=112.214.196.14 
Jun  8 00:01:45 ubuntu sshd[233751]: PAM service(sshd) ignoring max retries; 6 > 3
Jun  8 00:01:50 ubuntu sshd[233757]: pam_unix(sshd:auth): authentication failure; logname= uid=0 euid=0 tty=ssh ruser= rhost=82.67.33.183  user=root
Jun  8 00:01:50 ubuntu sshd[233759]: Invalid user ftpuser from 112.214.196.14 port 45792
Jun  8 00:01:50 ubuntu sshd[233759]: pam_unix(sshd:auth): check pass; user unknown
Jun  8 00:01:50 ubuntu sshd[233759]: pam_unix(sshd:auth): authentication failure; logname= uid=0 euid=0 tty=ssh ruser= rhost=112.214.196.14 
Jun  8 00:01:53 ubuntu sshd[233757]: Failed password for root from 82.67.33.183 port 57058 ssh2
Jun  8 00:01:53 ubuntu sshd[233759]: Failed password for invalid user ftpuser from 112.214.196.14 port 45792 ssh2
Jun  8 00:01:54 ubuntu sshd[233759]: pam_unix(sshd:auth): check pass; user unknown
Jun  8 00:01:54 ubuntu sshd[233757]: Connection closed by authenticating user root 82.67.33.183 port 57058 [preauth]
Jun  8 00:01:55 ubuntu sshd[233759]: Failed password for invalid user ftpuser from 112.214.196.14 port 45792 ssh2
Jun  8 00:01:57 ubuntu sshd[233759]: pam_unix(sshd:auth): check pass; user unknown
Jun  8 00:01:59 ubuntu sshd[233761]: pam_unix(sshd:auth): authentication failure; logname= uid=0 euid=0 tty=ssh ruser= rhost=82.67.33.183  user=root
Jun  8 00:01:59 ubuntu sshd[233759]: Failed password for invalid user ftpuser from 112.214.196.14 port 45792 ssh2
Jun  8 00:02:01 ubuntu sshd[233759]: pam_unix(sshd:auth): check pass; user unknown
Jun  8 00:02:01 ubuntu sshd[233761]: Failed password for root from 82.67.33.183 port 50434 ssh2
Jun  8 00:02:03 ubuntu sshd[233759]: Failed password for invalid user ftpuser from 112.214.196.14 port 45792 ssh2
Jun  8 00:02:03 ubuntu sshd[233761]: Connection closed by authenticating user root 82.67.33.183 port 50434 [preauth]
Jun  8 00:02:05 ubuntu sshd[233759]: pam_unix(sshd:auth): check pass; user unknown
Jun  8 00:02:07 ubuntu sshd[233759]: Failed password for invalid user ftpuser from 112.214.196.14 port 45792 ssh2
Jun  8 00:02:08 ubuntu sshd[233759]: pam_unix(sshd:auth): check pass; user unknown
Jun  8 00:02:11 ubuntu sshd[233763]: pam_unix(sshd:auth): authentication failure; logname= uid=0 euid=0 tty=ssh ruser= rhost=82.67.33.183  user=root
Jun  8 00:02:11 ubuntu sshd[233759]: Failed password for invalid user ftpuser from 112.214.196.14 port 45792 ssh2
Jun  8 00:02:12 ubuntu sshd[233759]: error: maximum authentication attempts exceeded for invalid user ftpuser from 112.214.196.14 port 45792 ssh2 [preauth]
Jun  8 00:02:12 ubuntu sshd[233759]: Disconnecting invalid user ftpuser 112.214.196.14 port 45792: Too many authentication failures [preauth]
Jun  8 00:02:12 ubuntu sshd[233759]: PAM 5 more authentication failures; logname= uid=0 euid=0 tty=ssh ruser= rhost=112.214.196.14 
Jun  8 00:02:12 ubuntu sshd[233759]: PAM service(sshd) ignoring max retries; 6 > 3
Jun  8 00:02:13 ubuntu sshd[233763]: Failed password for root from 82.67.33.183 port 58352 ssh2
Jun  8 00:02:15 ubuntu sshd[233763]: Connection closed by authenticating user root 82.67.33.183 port 58352 [preauth]
Jun  8 00:02:15 ubuntu sshd[233765]: Invalid user ftpuser from 112.214.196.14 port 47814
Jun  8 00:02:15 ubuntu sshd[233765]: pam_unix(sshd:auth): check pass; user unknown
Jun  8 00:02:15 ubuntu sshd[233765]: pam_unix(sshd:auth): authentication failure; logname= uid=0 euid=0 tty=ssh ruser= rhost=112.214.196.14 
Jun  8 00:02:17 ubuntu sshd[233765]: Failed password for invalid user ftpuser from 112.214.196.14 port 47814 ssh2
Jun  8 00:02:17 ubuntu sshd[233765]: pam_unix(sshd:auth): check pass; user unknown
Jun  8 00:02:19 ubuntu sshd[233765]: Failed password for invalid user ftpuser from 112.214.196.14 port 47814 ssh2
Jun  8 00:02:20 ubuntu sshd[233767]: pam_unix(sshd:auth): authentication failure; logname= uid=0 euid=0 tty=ssh ruser= rhost=82.67.33.183  user=root
Jun  8 00:02:21 ubuntu sshd[233765]: pam_unix(sshd:auth): check pass; user unknown
Jun  8 00:02:23 ubuntu sshd[233767]: Failed password for root from 82.67.33.183 port 36486 ssh2
Jun  8 00:02:23 ubuntu sshd[233765]: Failed password for invalid user ftpuser from 112.214.196.14 port 47814 ssh2
Jun  8 00:02:24 ubuntu sshd[233767]: Connection closed by authenticating user root 82.67.33.183 port 36486 [preauth]
Jun  8 00:02:24 ubuntu sshd[233765]: pam_unix(sshd:auth): check pass; user unknown
Jun  8 00:02:26 ubuntu sshd[233765]: Failed password for invalid user ftpuser from 112.214.196.14 port 47814 ssh2
Jun  8 00:02:28 ubuntu sshd[233765]: Received disconnect from 112.214.196.14 port 47814:11: disconnected by user [preauth]
Jun  8 00:02:28 ubuntu sshd[233765]: Disconnected from invalid user ftpuser 112.214.196.14 port 47814 [preauth]
Jun  8 00:02:28 ubuntu sshd[233765]: PAM 3 more authentication failures; logname= uid=0 euid=0 tty=ssh ruser= rhost=112.214.196.14 
Jun  8 00:02:28 ubuntu sshd[233765]: PAM service(sshd) ignoring max retries; 4 > 3
Jun  8 00:02:30 ubuntu sshd[233769]: pam_unix(sshd:auth): authentication failure; logname= uid=0 euid=0 tty=ssh ruser= rhost=82.67.33.183  user=root
Jun  8 00:02:31 ubuntu sshd[233771]: Invalid user test1 from 112.214.196.14 port 49024
Jun  8 00:02:31 ubuntu sshd[233771]: pam_unix(sshd:auth): check pass; user unknown
Jun  8 00:02:31 ubuntu sshd[233771]: pam_unix(sshd:auth): authentication failure; logname= uid=0 euid=0 tty=ssh ruser= rhost=112.214.196.14 
Jun  8 00:02:32 ubuntu sshd[233769]: Failed password for root from 82.67.33.183 port 41460 ssh2
Jun  8 00:02:33 ubuntu sshd[233771]: Failed password for invalid user test1 from 112.214.196.14 port 49024 ssh2
Jun  8 00:02:34 ubuntu sshd[233769]: Connection closed by authenticating user root 82.67.33.183 port 41460 [preauth]
Jun  8 00:02:35 ubuntu sshd[233771]: pam_unix(sshd:auth): check pass; user unknown
Jun  8 00:02:37 ubuntu sshd[233771]: Failed password for invalid user test1 from 112.214.196.14 port 49024 ssh2
Jun  8 00:02:39 ubuntu sshd[233771]: pam_unix(sshd:auth): check pass; user unknown
Jun  8 00:02:41 ubuntu sshd[233773]: pam_unix(sshd:auth): authentication failure; logname= uid=0 euid=0 tty=ssh ruser= rhost=82.67.33.183  user=root
Jun  8 00:02:41 ubuntu sshd[233771]: Failed password for invalid user test1 from 112.214.196.14 port 49024 ssh2
Jun  8 00:02:42 ubuntu sshd[233771]: pam_unix(sshd:auth): check pass; user unknown
Jun  8 00:02:43 ubuntu sshd[233773]: Failed password for root from 82.67.33.183 port 44514 ssh2
Jun  8 00:02:43 ubuntu sshd[233771]: Failed password for invalid user test1 from 112.214.196.14 port 49024 ssh2
Jun  8 00:02:44 ubuntu sshd[233771]: pam_unix(sshd:auth): check pass; user unknown
Jun  8 00:02:45 ubuntu sshd[233773]: Connection closed by authenticating user root 82.67.33.183 port 44514 [preauth]
Jun  8 00:02:46 ubuntu sshd[233771]: Failed password for invalid user test1 from 112.214.196.14 port 49024 ssh2
Jun  8 00:02:48 ubuntu sshd[233771]: pam_unix(sshd:auth): check pass; user unknown
Jun  8 00:02:51 ubuntu sshd[233771]: Failed password for invalid user test1 from 112.214.196.14 port 49024 ssh2
Jun  8 00:02:52 ubuntu sshd[233771]: error: maximum authentication attempts exceeded for invalid user test1 from 112.214.196.14 port 49024 ssh2 [preauth]
Jun  8 00:02:52 ubuntu sshd[233771]: Disconnecting invalid user test1 112.214.196.14 port 49024: Too many authentication failures [preauth]
Jun  8 00:02:52 ubuntu sshd[233771]: PAM 5 more authentication failures; logname= uid=0 euid=0 tty=ssh ruser= rhost=112.214.196.14 
Jun  8 00:02:52 ubuntu sshd[233771]: PAM service(sshd) ignoring max retries; 6 > 3
Jun  8 00:02:53 ubuntu sshd[233775]: pam_unix(sshd:auth): authentication failure; logname= uid=0 euid=0 tty=ssh ruser= rhost=82.67.33.183  user=root
Jun  8 00:02:54 ubuntu sshd[233777]: Invalid user test1 from 112.214.196.14 port 50682
Jun  8 00:02:54 ubuntu sshd[233777]: pam_unix(sshd:auth): check pass; user unknown
Jun  8 00:02:54 ubuntu sshd[233777]: pam_unix(sshd:auth): authentication failure; logname= uid=0 euid=0 tty=ssh ruser= rhost=112.214.196.14 
Jun  8 00:02:55 ubuntu sshd[233775]: Failed password for root from 82.67.33.183 port 54268 ssh2
Jun  8 00:02:56 ubuntu sshd[233775]: Connection closed by authenticating user root 82.67.33.183 port 54268 [preauth]
Jun  8 00:02:56 ubuntu sshd[233777]: Failed password for invalid user test1 from 112.214.196.14 port 50682 ssh2
Jun  8 00:02:57 ubuntu sshd[233777]: pam_unix(sshd:auth): check pass; user unknown
Jun  8 00:02:59 ubuntu sshd[233777]: Failed password for invalid user test1 from 112.214.196.14 port 50682 ssh2
Jun  8 00:03:01 ubuntu sshd[233777]: pam_unix(sshd:auth): check pass; user unknown
Jun  8 00:03:03 ubuntu sshd[233779]: pam_unix(sshd:auth): authentication failure; logname= uid=0 euid=0 tty=ssh ruser= rhost=82.67.33.183  user=root
Jun  8 00:03:03 ubuntu sshd[233777]: Failed password for invalid user test1 from 112.214.196.14 port 50682 ssh2
Jun  8 00:03:05 ubuntu sshd[233779]: Failed password for root from 82.67.33.183 port 52030 ssh2
Jun  8 00:03:05 ubuntu sshd[233777]: pam_unix(sshd:auth): check pass; user unknown
Jun  8 00:03:07 ubuntu sshd[233779]: Connection closed by authenticating user root 82.67.33.183 port 52030 [preauth]
Jun  8 00:03:07 ubuntu sshd[233777]: Failed password for invalid user test1 from 112.214.196.14 port 50682 ssh2
Jun  8 00:03:08 ubuntu sshd[233777]: pam_unix(sshd:auth): check pass; user unknown
Jun  8 00:03:10 ubuntu sshd[233777]: Failed password for invalid user test1 from 112.214.196.14 port 50682 ssh2
Jun  8 00:03:12 ubuntu sshd[233777]: pam_unix(sshd:auth): check pass; user unknown
Jun  8 00:03:14 ubuntu sshd[233777]: Failed password for invalid user test1 from 112.214.196.14 port 50682 ssh2
Jun  8 00:03:14 ubuntu sshd[233781]: pam_unix(sshd:auth): authentication failure; logname= uid=0 euid=0 tty=ssh ruser= rhost=82.67.33.183  user=root
Jun  8 00:03:16 ubuntu sshd[233777]: error: maximum authentication attempts exceeded for invalid user test1 from 112.214.196.14 port 50682 ssh2 [preauth]
Jun  8 00:03:16 ubuntu sshd[233777]: Disconnecting invalid user test1 112.214.196.14 port 50682: Too many authentication failures [preauth]
Jun  8 00:03:16 ubuntu sshd[233777]: PAM 5 more authentication failures; logname= uid=0 euid=0 tty=ssh ruser= rhost=112.214.196.14 
Jun  8 00:03:16 ubuntu sshd[233777]: PAM service(sshd) ignoring max retries; 6 > 3
Jun  8 00:03:16 ubuntu sshd[233781]: Failed password for root from 82.67.33.183 port 36892 ssh2
Jun  8 00:03:18 ubuntu sshd[233783]: Invalid user test1 from 112.214.196.14 port 52240
Jun  8 00:03:18 ubuntu sshd[233783]: pam_unix(sshd:auth): check pass; user unknown
Jun  8 00:03:18 ubuntu sshd[233783]: pam_unix(sshd:auth): authentication failure; logname= uid=0 euid=0 tty=ssh ruser= rhost=112.214.196.14 
Jun  8 00:03:18 ubuntu sshd[233781]: Connection closed by authenticating user root 82.67.33.183 port 36892 [preauth]
Jun  8 00:03:21 ubuntu sshd[233783]: Failed password for invalid user test1 from 112.214.196.14 port 52240 ssh2
Jun  8 00:03:22 ubuntu sshd[233783]: pam_unix(sshd:auth): check pass; user unknown
Jun  8 00:03:24 ubuntu sshd[233785]: pam_unix(sshd:auth): authentication failure; logname= uid=0 euid=0 tty=ssh ruser= rhost=82.67.33.183  user=root
Jun  8 00:03:24 ubuntu sshd[233783]: Failed password for invalid user test1 from 112.214.196.14 port 52240 ssh2
Jun  8 00:03:26 ubuntu sshd[233785]: Failed password for root from 82.67.33.183 port 40046 ssh2
Jun  8 00:03:27 ubuntu sshd[233783]: pam_unix(sshd:auth): check pass; user unknown
Jun  8 00:03:28 ubuntu sshd[233785]: Connection closed by authenticating user root 82.67.33.183 port 40046 [preauth]
Jun  8 00:03:28 ubuntu sshd[233783]: Failed password for invalid user test1 from 112.214.196.14 port 52240 ssh2
Jun  8 00:03:29 ubuntu sshd[233783]: pam_unix(sshd:auth): check pass; user unknown
Jun  8 00:03:30 ubuntu sshd[233783]: Failed password for invalid user test1 from 112.214.196.14 port 52240 ssh2
Jun  8 00:03:31 ubuntu sshd[233783]: Received disconnect from 112.214.196.14 port 52240:11: disconnected by user [preauth]
Jun  8 00:03:31 ubuntu sshd[233783]: Disconnected from invalid user test1 112.214.196.14 port 52240 [preauth]
Jun  8 00:03:31 ubuntu sshd[233783]: PAM 3 more authentication failures; logname= uid=0 euid=0 tty=ssh ruser= rhost=112.214.196.14 
Jun  8 00:03:31 ubuntu sshd[233783]: PAM service(sshd) ignoring max retries; 4 > 3
Jun  8 00:03:33 ubuntu sshd[233789]: Invalid user test2 from 112.214.196.14 port 53266
Jun  8 00:03:33 ubuntu sshd[233789]: pam_unix(sshd:auth): check pass; user unknown
Jun  8 00:03:33 ubuntu sshd[233789]: pam_unix(sshd:auth): authentication failure; logname= uid=0 euid=0 tty=ssh ruser= rhost=112.214.196.14 
Jun  8 00:03:35 ubuntu sshd[233789]: Failed password for invalid user test2 from 112.214.196.14 port 53266 ssh2
Jun  8 00:03:35 ubuntu sshd[233787]: pam_unix(sshd:auth): authentication failure; logname= uid=0 euid=0 tty=ssh ruser= rhost=82.67.33.183  user=root
Jun  8 00:03:35 ubuntu sshd[233789]: pam_unix(sshd:auth): check pass; user unknown
Jun  8 00:03:37 ubuntu sshd[233787]: Failed password for root from 82.67.33.183 port 40530 ssh2
Jun  8 00:03:37 ubuntu sshd[233789]: Failed password for invalid user test2 from 112.214.196.14 port 53266 ssh2
Jun  8 00:03:39 ubuntu sshd[233789]: pam_unix(sshd:auth): check pass; user unknown
Jun  8 00:03:39 ubuntu sshd[233787]: Connection closed by authenticating user root 82.67.33.183 port 40530 [preauth]
Jun  8 00:03:41 ubuntu sshd[233789]: Failed password for invalid user test2 from 112.214.196.14 port 53266 ssh2
Jun  8 00:03:41 ubuntu sshd[233789]: pam_unix(sshd:auth): check pass; user unknown
Jun  8 00:03:44 ubuntu sshd[233789]: Failed password for invalid user test2 from 112.214.196.14 port 53266 ssh2
Jun  8 00:03:45 ubuntu sshd[233789]: pam_unix(sshd:auth): check pass; user unknown
Jun  8 00:03:46 ubuntu sshd[233791]: pam_unix(sshd:auth): authentication failure; logname= uid=0 euid=0 tty=ssh ruser= rhost=82.67.33.183  user=root
Jun  8 00:03:47 ubuntu sshd[233789]: Failed password for invalid user test2 from 112.214.196.14 port 53266 ssh2
Jun  8 00:03:47 ubuntu sshd[233789]: pam_unix(sshd:auth): check pass; user unknown
Jun  8 00:03:48 ubuntu sshd[233791]: Failed password for root from 82.67.33.183 port 40844 ssh2
Jun  8 00:03:49 ubuntu sshd[233789]: Failed password for invalid user test2 from 112.214.196.14 port 53266 ssh2
Jun  8 00:03:50 ubuntu sshd[233791]: Connection closed by authenticating user root 82.67.33.183 port 40844 [preauth]
Jun  8 00:03:51 ubuntu sshd[233789]: error: maximum authentication attempts exceeded for invalid user test2 from 112.214.196.14 port 53266 ssh2 [preauth]
Jun  8 00:03:51 ubuntu sshd[233789]: Disconnecting invalid user test2 112.214.196.14 port 53266: Too many authentication failures [preauth]
Jun  8 00:03:51 ubuntu sshd[233789]: PAM 5 more authentication failures; logname= uid=0 euid=0 tty=ssh ruser= rhost=112.214.196.14 
Jun  8 00:03:51 ubuntu sshd[233789]: PAM service(sshd) ignoring max retries; 6 > 3
Jun  8 00:03:53 ubuntu sshd[233796]: Invalid user test2 from 112.214.196.14 port 54664
Jun  8 00:03:53 ubuntu sshd[233796]: pam_unix(sshd:auth): check pass; user unknown
Jun  8 00:03:53 ubuntu sshd[233796]: pam_unix(sshd:auth): authentication failure; logname= uid=0 euid=0 tty=ssh ruser= rhost=112.214.196.14 
Jun  8 00:03:55 ubuntu sshd[233796]: Failed password for invalid user test2 from 112.214.196.14 port 54664 ssh2
Jun  8 00:03:55 ubuntu sshd[233795]: pam_unix(sshd:auth): authentication failure; logname= uid=0 euid=0 tty=ssh ruser= rhost=82.67.33.183  user=root
Jun  8 00:03:57 ubuntu sshd[233796]: pam_unix(sshd:auth): check pass; user unknown
Jun  8 00:03:58 ubuntu sshd[233795]: Failed password for root from 82.67.33.183 port 37966 ssh2
Jun  8 00:03:58 ubuntu sshd[233796]: Failed password for invalid user test2 from 112.214.196.14 port 54664 ssh2
Jun  8 00:03:59 ubuntu sshd[233796]: pam_unix(sshd:auth): check pass; user unknown
Jun  8 00:03:59 ubuntu sshd[233795]: Connection closed by authenticating user root 82.67.33.183 port 37966 [preauth]
Jun  8 00:04:00 ubuntu sshd[233796]: Failed password for invalid user test2 from 112.214.196.14 port 54664 ssh2
Jun  8 00:04:01 ubuntu sshd[233796]: pam_unix(sshd:auth): check pass; user unknown
Jun  8 00:04:03 ubuntu sshd[233796]: Failed password for invalid user test2 from 112.214.196.14 port 54664 ssh2
Jun  8 00:04:04 ubuntu sshd[233799]: pam_unix(sshd:auth): authentication failure; logname= uid=0 euid=0 tty=ssh ruser= rhost=82.67.33.183  user=root
Jun  8 00:04:05 ubuntu sshd[233796]: pam_unix(sshd:auth): check pass; user unknown
Jun  8 00:04:05 ubuntu sshd[233799]: Failed password for root from 82.67.33.183 port 56598 ssh2
Jun  8 00:04:06 ubuntu sshd[233799]: Connection closed by authenticating user root 82.67.33.183 port 56598 [preauth]
Jun  8 00:04:07 ubuntu sshd[233796]: Failed password for invalid user test2 from 112.214.196.14 port 54664 ssh2
Jun  8 00:04:09 ubuntu sshd[233796]: pam_unix(sshd:auth): check pass; user unknown
Jun  8 00:04:11 ubuntu sshd[233796]: Failed password for invalid user test2 from 112.214.196.14 port 54664 ssh2
Jun  8 00:04:12 ubuntu sshd[233796]: error: maximum authentication attempts exceeded for invalid user test2 from 112.214.196.14 port 54664 ssh2 [preauth]
Jun  8 00:04:12 ubuntu sshd[233796]: Disconnecting invalid user test2 112.214.196.14 port 54664: Too many authentication failures [preauth]
Jun  8 00:04:12 ubuntu sshd[233796]: PAM 5 more authentication failures; logname= uid=0 euid=0 tty=ssh ruser= rhost=112.214.196.14 
Jun  8 00:04:12 ubuntu sshd[233796]: PAM service(sshd) ignoring max retries; 6 > 3
Jun  8 00:04:13 ubuntu sshd[233801]: pam_unix(sshd:auth): authentication failure; logname= uid=0 euid=0 tty=ssh ruser= rhost=82.67.33.183  user=root
Jun  8 00:04:14 ubuntu sshd[233804]: Invalid user test2 from 112.214.196.14 port 56168
Jun  8 00:04:14 ubuntu sshd[233804]: pam_unix(sshd:auth): check pass; user unknown
Jun  8 00:04:14 ubuntu sshd[233804]: pam_unix(sshd:auth): authentication failure; logname= uid=0 euid=0 tty=ssh ruser= rhost=112.214.196.14 
Jun  8 00:04:16 ubuntu sshd[233801]: Failed password for root from 82.67.33.183 port 52600 ssh2
Jun  8 00:04:16 ubuntu sshd[233804]: Failed password for invalid user test2 from 112.214.196.14 port 56168 ssh2
Jun  8 00:04:18 ubuntu sshd[233804]: pam_unix(sshd:auth): check pass; user unknown
Jun  8 00:04:19 ubuntu sshd[233801]: Connection closed by authenticating user root 82.67.33.183 port 52600 [preauth]
Jun  8 00:04:20 ubuntu sshd[233804]: Failed password for invalid user test2 from 112.214.196.14 port 56168 ssh2
Jun  8 00:04:22 ubuntu sshd[233804]: pam_unix(sshd:auth): check pass; user unknown
Jun  8 00:04:23 ubuntu sshd[233804]: Failed password for invalid user test2 from 112.214.196.14 port 56168 ssh2
Jun  8 00:04:24 ubuntu sshd[233804]: pam_unix(sshd:auth): check pass; user unknown
Jun  8 00:04:25 ubuntu sshd[233807]: pam_unix(sshd:auth): authentication failure; logname= uid=0 euid=0 tty=ssh ruser= rhost=82.67.33.183  user=root
Jun  8 00:04:26 ubuntu sshd[233804]: Failed password for invalid user test2 from 112.214.196.14 port 56168 ssh2
Jun  8 00:04:26 ubuntu sshd[233807]: Failed password for root from 82.67.33.183 port 41828 ssh2
Jun  8 00:04:28 ubuntu sshd[233804]: Received disconnect from 112.214.196.14 port 56168:11: disconnected by user [preauth]
Jun  8 00:04:28 ubuntu sshd[233804]: Disconnected from invalid user test2 112.214.196.14 port 56168 [preauth]
Jun  8 00:04:28 ubuntu sshd[233804]: PAM 3 more authentication failures; logname= uid=0 euid=0 tty=ssh ruser= rhost=112.214.196.14 
Jun  8 00:04:28 ubuntu sshd[233804]: PAM service(sshd) ignoring max retries; 4 > 3
Jun  8 00:04:29 ubuntu sshd[233807]: Connection closed by authenticating user root 82.67.33.183 port 41828 [preauth]
Jun  8 00:04:30 ubuntu sshd[233809]: Invalid user contador from 112.214.196.14 port 57338
Jun  8 00:04:30 ubuntu sshd[233809]: pam_unix(sshd:auth): check pass; user unknown
Jun  8 00:04:30 ubuntu sshd[233809]: pam_unix(sshd:auth): authentication failure; logname= uid=0 euid=0 tty=ssh ruser= rhost=112.214.196.14 
Jun  8 00:04:32 ubuntu sshd[233809]: Failed password for invalid user contador from 112.214.196.14 port 57338 ssh2
Jun  8 00:04:33 ubuntu sshd[233809]: pam_unix(sshd:auth): check pass; user unknown
Jun  8 00:04:35 ubuntu sshd[233809]: Failed password for invalid user contador from 112.214.196.14 port 57338 ssh2
Jun  8 00:04:36 ubuntu sshd[233809]: pam_unix(sshd:auth): check pass; user unknown
Jun  8 00:04:37 ubuntu sshd[233811]: pam_unix(sshd:auth): authentication failure; logname= uid=0 euid=0 tty=ssh ruser= rhost=82.67.33.183  user=root
Jun  8 00:04:39 ubuntu sshd[233809]: Failed password for invalid user contador from 112.214.196.14 port 57338 ssh2
Jun  8 00:04:39 ubuntu sshd[233811]: Failed password for root from 82.67.33.183 port 57004 ssh2
Jun  8 00:04:40 ubuntu sshd[233809]: Received disconnect from 112.214.196.14 port 57338:11: disconnected by user [preauth]
Jun  8 00:04:40 ubuntu sshd[233809]: Disconnected from invalid user contador 112.214.196.14 port 57338 [preauth]
Jun  8 00:04:40 ubuntu sshd[233809]: PAM 2 more authentication failures; logname= uid=0 euid=0 tty=ssh ruser= rhost=112.214.196.14 
Jun  8 00:04:42 ubuntu sshd[233813]: Invalid user ubuntu from 112.214.196.14 port 58172
Jun  8 00:04:42 ubuntu sshd[233813]: pam_unix(sshd:auth): check pass; user unknown
Jun  8 00:04:42 ubuntu sshd[233813]: pam_unix(sshd:auth): authentication failure; logname= uid=0 euid=0 tty=ssh ruser= rhost=112.214.196.14 
Jun  8 00:04:42 ubuntu sshd[233811]: Connection closed by authenticating user root 82.67.33.183 port 57004 [preauth]
Jun  8 00:04:44 ubuntu sshd[233813]: Failed password for invalid user ubuntu from 112.214.196.14 port 58172 ssh2
Jun  8 00:04:44 ubuntu sshd[233813]: pam_unix(sshd:auth): check pass; user unknown
Jun  8 00:04:46 ubuntu sshd[233813]: Failed password for invalid user ubuntu from 112.214.196.14 port 58172 ssh2
Jun  8 00:04:47 ubuntu sshd[233813]: pam_unix(sshd:auth): check pass; user unknown
Jun  8 00:04:48 ubuntu sshd[233815]: pam_unix(sshd:auth): authentication failure; logname= uid=0 euid=0 tty=ssh ruser= rhost=82.67.33.183  user=root
Jun  8 00:04:49 ubuntu sshd[233813]: Failed password for invalid user ubuntu from 112.214.196.14 port 58172 ssh2
Jun  8 00:04:49 ubuntu sshd[233813]: pam_unix(sshd:auth): check pass; user unknown
Jun  8 00:04:50 ubuntu sshd[233815]: Failed password for root from 82.67.33.183 port 56272 ssh2
Jun  8 00:04:51 ubuntu sshd[233813]: Failed password for invalid user ubuntu from 112.214.196.14 port 58172 ssh2
Jun  8 00:04:52 ubuntu sshd[233813]: pam_unix(sshd:auth): check pass; user unknown
Jun  8 00:04:52 ubuntu sshd[233815]: Connection closed by authenticating user root 82.67.33.183 port 56272 [preauth]
Jun  8 00:04:54 ubuntu sshd[233813]: Failed password for invalid user ubuntu from 112.214.196.14 port 58172 ssh2
Jun  8 00:04:54 ubuntu sshd[233813]: pam_unix(sshd:auth): check pass; user unknown
Jun  8 00:04:56 ubuntu sshd[233813]: Failed password for invalid user ubuntu from 112.214.196.14 port 58172 ssh2
Jun  8 00:04:57 ubuntu sshd[233813]: error: maximum authentication attempts exceeded for invalid user ubuntu from 112.214.196.14 port 58172 ssh2 [preauth]
Jun  8 00:04:57 ubuntu sshd[233813]: Disconnecting invalid user ubuntu 112.214.196.14 port 58172: Too many authentication failures [preauth]
Jun  8 00:04:57 ubuntu sshd[233813]: PAM 5 more authentication failures; logname= uid=0 euid=0 tty=ssh ruser= rhost=112.214.196.14 
Jun  8 00:04:57 ubuntu sshd[233813]: PAM service(sshd) ignoring max retries; 6 > 3
Jun  8 00:04:58 ubuntu sshd[233820]: pam_unix(sshd:auth): authentication failure; logname= uid=0 euid=0 tty=ssh ruser= rhost=82.67.33.183  user=root
Jun  8 00:04:59 ubuntu sshd[233822]: Invalid user ubuntu from 112.214.196.14 port 59450
Jun  8 00:04:59 ubuntu sshd[233822]: pam_unix(sshd:auth): check pass; user unknown
Jun  8 00:04:59 ubuntu sshd[233822]: pam_unix(sshd:auth): authentication failure; logname= uid=0 euid=0 tty=ssh ruser= rhost=112.214.196.14 
Jun  8 00:04:59 ubuntu sshd[233820]: Failed password for root from 82.67.33.183 port 49604 ssh2
Jun  8 00:05:01 ubuntu sshd[233822]: Failed password for invalid user ubuntu from 112.214.196.14 port 59450 ssh2
Jun  8 00:05:01 ubuntu sshd[233822]: pam_unix(sshd:auth): check pass; user unknown
Jun  8 00:05:01 ubuntu sshd[233820]: Connection closed by authenticating user root 82.67.33.183 port 49604 [preauth]
Jun  8 00:05:03 ubuntu sshd[233822]: Failed password for invalid user ubuntu from 112.214.196.14 port 59450 ssh2
Jun  8 00:05:04 ubuntu sshd[233822]: pam_unix(sshd:auth): check pass; user unknown
Jun  8 00:05:06 ubuntu sshd[233822]: Failed password for invalid user ubuntu from 112.214.196.14 port 59450 ssh2
Jun  8 00:05:06 ubuntu sshd[233822]: pam_unix(sshd:auth): check pass; user unknown
Jun  8 00:05:08 ubuntu sshd[233822]: Failed password for invalid user ubuntu from 112.214.196.14 port 59450 ssh2
Jun  8 00:05:09 ubuntu sshd[233822]: pam_unix(sshd:auth): check pass; user unknown
Jun  8 00:05:09 ubuntu sshd[233824]: pam_unix(sshd:auth): authentication failure; logname= uid=0 euid=0 tty=ssh ruser= rhost=82.67.33.183  user=root
Jun  8 00:05:10 ubuntu sshd[233822]: Failed password for invalid user ubuntu from 112.214.196.14 port 59450 ssh2
Jun  8 00:05:10 ubuntu sshd[233824]: Failed password for root from 82.67.33.183 port 49610 ssh2
Jun  8 00:05:11 ubuntu sshd[233822]: pam_unix(sshd:auth): check pass; user unknown
Jun  8 00:05:12 ubuntu sshd[233824]: Connection closed by authenticating user root 82.67.33.183 port 49610 [preauth]
Jun  8 00:05:13 ubuntu sshd[233822]: Failed password for invalid user ubuntu from 112.214.196.14 port 59450 ssh2
Jun  8 00:05:14 ubuntu sshd[233822]: error: maximum authentication attempts exceeded for invalid user ubuntu from 112.214.196.14 port 59450 ssh2 [preauth]
Jun  8 00:05:14 ubuntu sshd[233822]: Disconnecting invalid user ubuntu 112.214.196.14 port 59450: Too many authentication failures [preauth]
Jun  8 00:05:14 ubuntu sshd[233822]: PAM 5 more authentication failures; logname= uid=0 euid=0 tty=ssh ruser= rhost=112.214.196.14 
Jun  8 00:05:14 ubuntu sshd[233822]: PAM service(sshd) ignoring max retries; 6 > 3
Jun  8 00:05:15 ubuntu sshd[233826]: pam_unix(sshd:auth): authentication failure; logname= uid=0 euid=0 tty=ssh ruser= rhost=82.67.33.183  user=root
Jun  8 00:05:16 ubuntu sshd[233828]: Invalid user ubuntu from 112.214.196.14 port 60730
Jun  8 00:05:16 ubuntu sshd[233828]: pam_unix(sshd:auth): check pass; user unknown
Jun  8 00:05:16 ubuntu sshd[233828]: pam_unix(sshd:auth): authentication failure; logname= uid=0 euid=0 tty=ssh ruser= rhost=112.214.196.14 
Jun  8 00:05:17 ubuntu sshd[233828]: Failed password for invalid user ubuntu from 112.214.196.14 port 60730 ssh2
Jun  8 00:05:17 ubuntu sshd[233826]: Failed password for root from 82.67.33.183 port 37178 ssh2
Jun  8 00:05:18 ubuntu sshd[233828]: pam_unix(sshd:auth): check pass; user unknown
Jun  8 00:05:20 ubuntu sshd[233826]: Connection closed by authenticating user root 82.67.33.183 port 37178 [preauth]
Jun  8 00:05:20 ubuntu sshd[233828]: Failed password for invalid user ubuntu from 112.214.196.14 port 60730 ssh2
Jun  8 00:05:21 ubuntu sshd[233828]: pam_unix(sshd:auth): check pass; user unknown
Jun  8 00:05:22 ubuntu sshd[233828]: Failed password for invalid user ubuntu from 112.214.196.14 port 60730 ssh2
Jun  8 00:05:23 ubuntu sshd[233828]: Received disconnect from 112.214.196.14 port 60730:11: disconnected by user [preauth]
Jun  8 00:05:23 ubuntu sshd[233828]: Disconnected from invalid user ubuntu 112.214.196.14 port 60730 [preauth]
Jun  8 00:05:23 ubuntu sshd[233828]: PAM 2 more authentication failures; logname= uid=0 euid=0 tty=ssh ruser= rhost=112.214.196.14 
Jun  8 00:05:24 ubuntu sshd[233830]: pam_unix(sshd:auth): authentication failure; logname= uid=0 euid=0 tty=ssh ruser= rhost=82.67.33.183  user=root
Jun  8 00:05:25 ubuntu sshd[233832]: Invalid user pi from 112.214.196.14 port 33178
Jun  8 00:05:25 ubuntu sshd[233832]: pam_unix(sshd:auth): check pass; user unknown
Jun  8 00:05:25 ubuntu sshd[233832]: pam_unix(sshd:auth): authentication failure; logname= uid=0 euid=0 tty=ssh ruser= rhost=112.214.196.14 
Jun  8 00:05:26 ubuntu sshd[233830]: Failed password for root from 82.67.33.183 port 42208 ssh2
Jun  8 00:05:27 ubuntu sshd[233830]: Connection closed by authenticating user root 82.67.33.183 port 42208 [preauth]
Jun  8 00:05:27 ubuntu sshd[233832]: Failed password for invalid user pi from 112.214.196.14 port 33178 ssh2
Jun  8 00:05:27 ubuntu sshd[233832]: pam_unix(sshd:auth): check pass; user unknown
Jun  8 00:05:29 ubuntu sshd[233832]: Failed password for invalid user pi from 112.214.196.14 port 33178 ssh2
Jun  8 00:05:30 ubuntu sshd[233832]: pam_unix(sshd:auth): check pass; user unknown
Jun  8 00:05:32 ubuntu sshd[233832]: Failed password for invalid user pi from 112.214.196.14 port 33178 ssh2
Jun  8 00:05:32 ubuntu sshd[233832]: Received disconnect from 112.214.196.14 port 33178:11: disconnected by user [preauth]
Jun  8 00:05:32 ubuntu sshd[233832]: Disconnected from invalid user pi 112.214.196.14 port 33178 [preauth]
Jun  8 00:05:32 ubuntu sshd[233832]: PAM 2 more authentication failures; logname= uid=0 euid=0 tty=ssh ruser= rhost=112.214.196.14 
Jun  8 00:05:34 ubuntu sshd[233834]: pam_unix(sshd:auth): authentication failure; logname= uid=0 euid=0 tty=ssh ruser= rhost=82.67.33.183  user=root
Jun  8 00:05:35 ubuntu sshd[233834]: Failed password for root from 82.67.33.183 port 44562 ssh2
Jun  8 00:05:36 ubuntu sshd[233836]: Invalid user baikal from 112.214.196.14 port 33860
Jun  8 00:05:36 ubuntu sshd[233836]: pam_unix(sshd:auth): check pass; user unknown
Jun  8 00:05:36 ubuntu sshd[233836]: pam_unix(sshd:auth): authentication failure; logname= uid=0 euid=0 tty=ssh ruser= rhost=112.214.196.14 
Jun  8 00:05:37 ubuntu sshd[233836]: Failed password for invalid user baikal from 112.214.196.14 port 33860 ssh2
Jun  8 00:05:38 ubuntu sshd[233834]: Connection closed by authenticating user root 82.67.33.183 port 44562 [preauth]
Jun  8 00:05:38 ubuntu sshd[233836]: Received disconnect from 112.214.196.14 port 33860:11: disconnected by user [preauth]
Jun  8 00:05:38 ubuntu sshd[233836]: Disconnected from invalid user baikal 112.214.196.14 port 33860 [preauth]
Jun  8 00:05:46 ubuntu sshd[233838]: pam_unix(sshd:auth): authentication failure; logname= uid=0 euid=0 tty=ssh ruser= rhost=82.67.33.183  user=root
Jun  8 00:05:48 ubuntu sshd[233838]: Failed password for root from 82.67.33.183 port 46098 ssh2
Jun  8 00:05:51 ubuntu sshd[233838]: Connection closed by authenticating user root 82.67.33.183 port 46098 [preauth]
Jun  8 00:06:00 ubuntu sshd[233840]: pam_unix(sshd:auth): authentication failure; logname= uid=0 euid=0 tty=ssh ruser= rhost=82.67.33.183  user=root
Jun  8 00:06:02 ubuntu sshd[233840]: Failed password for root from 82.67.33.183 port 40250 ssh2
Jun  8 00:06:05 ubuntu sshd[233840]: Connection closed by authenticating user root 82.67.33.183 port 40250 [preauth]
Jun  8 00:06:11 ubuntu sshd[233842]: pam_unix(sshd:auth): authentication failure; logname= uid=0 euid=0 tty=ssh ruser= rhost=82.67.33.183  user=root
Jun  8 00:06:13 ubuntu sshd[233842]: Failed password for root from 82.67.33.183 port 57642 ssh2
Jun  8 00:06:16 ubuntu sshd[233842]: Connection closed by authenticating user root 82.67.33.183 port 57642 [preauth]
Jun  8 00:06:22 ubuntu sshd[233844]: pam_unix(sshd:auth): authentication failure; logname= uid=0 euid=0 tty=ssh ruser= rhost=82.67.33.183  user=root
Jun  8 00:06:24 ubuntu sshd[233844]: Failed password for root from 82.67.33.183 port 33182 ssh2
Jun  8 00:06:24 ubuntu sshd[233844]: Connection closed by authenticating user root 82.67.33.183 port 33182 [preauth]
Jun  8 00:06:29 ubuntu sshd[233846]: pam_unix(sshd:auth): authentication failure; logname= uid=0 euid=0 tty=ssh ruser= rhost=82.67.33.183  user=root
Jun  8 00:06:30 ubuntu sshd[233846]: Failed password for root from 82.67.33.183 port 35374 ssh2
Jun  8 00:06:31 ubuntu sshd[233846]: Connection closed by authenticating user root 82.67.33.183 port 35374 [preauth]
Jun  8 00:06:36 ubuntu sshd[233848]: pam_unix(sshd:auth): authentication failure; logname= uid=0 euid=0 tty=ssh ruser= rhost=82.67.33.183  user=root
Jun  8 00:06:38 ubuntu sshd[233848]: Failed password for root from 82.67.33.183 port 35386 ssh2
Jun  8 00:06:40 ubuntu sshd[233848]: Connection closed by authenticating user root 82.67.33.183 port 35386 [preauth]
Jun  8 00:06:44 ubuntu sshd[233852]: Invalid user loginuser from 193.32.162.151 port 45656
Jun  8 00:06:44 ubuntu sshd[233852]: pam_unix(sshd:auth): check pass; user unknown
Jun  8 00:06:44 ubuntu sshd[233852]: pam_unix(sshd:auth): authentication failure; logname= uid=0 euid=0 tty=ssh ruser= rhost=193.32.162.151 
Jun  8 00:06:46 ubuntu sshd[233850]: pam_unix(sshd:auth): authentication failure; logname= uid=0 euid=0 tty=ssh ruser= rhost=82.67.33.183  user=root
Jun  8 00:06:46 ubuntu sshd[233852]: Failed password for invalid user loginuser from 193.32.162.151 port 45656 ssh2
Jun  8 00:06:47 ubuntu sshd[233850]: Failed password for root from 82.67.33.183 port 47948 ssh2
Jun  8 00:06:48 ubuntu sshd[233852]: Connection closed by invalid user loginuser 193.32.162.151 port 45656 [preauth]
Jun  8 00:06:48 ubuntu sshd[233850]: Connection closed by authenticating user root 82.67.33.183 port 47948 [preauth]
Jun  8 00:06:54 ubuntu sshd[233854]: pam_unix(sshd:auth): authentication failure; logname= uid=0 euid=0 tty=ssh ruser= rhost=82.67.33.183  user=root
Jun  8 00:06:56 ubuntu sshd[233854]: Failed password for root from 82.67.33.183 port 41744 ssh2
Jun  8 00:06:58 ubuntu sshd[233854]: Connection closed by authenticating user root 82.67.33.183 port 41744 [preauth]
Jun  8 00:07:04 ubuntu sshd[233856]: pam_unix(sshd:auth): authentication failure; logname= uid=0 euid=0 tty=ssh ruser= rhost=82.67.33.183  user=root
Jun  8 00:07:05 ubuntu sshd[233856]: Failed password for root from 82.67.33.183 port 45278 ssh2
Jun  8 00:07:07 ubuntu sshd[233856]: Connection closed by authenticating user root 82.67.33.183 port 45278 [preauth]
Jun  8 00:07:13 ubuntu sshd[233858]: pam_unix(sshd:auth): authentication failure; logname= uid=0 euid=0 tty=ssh ruser= rhost=82.67.33.183  user=root
Jun  8 00:07:16 ubuntu sshd[233858]: Failed password for root from 82.67.33.183 port 47718 ssh2
Jun  8 00:07:17 ubuntu sshd[233858]: Connection closed by authenticating user root 82.67.33.183 port 47718 [preauth]
Jun  8 00:07:22 ubuntu sshd[233862]: Invalid user zilliqa from 161.35.28.178 port 44958
Jun  8 00:07:22 ubuntu sshd[233862]: pam_unix(sshd:auth): check pass; user unknown
Jun  8 00:07:22 ubuntu sshd[233862]: pam_unix(sshd:auth): authentication failure; logname= uid=0 euid=0 tty=ssh ruser= rhost=161.35.28.178 
Jun  8 00:07:24 ubuntu sshd[233862]: Failed password for invalid user zilliqa from 161.35.28.178 port 44958 ssh2
Jun  8 00:07:24 ubuntu sshd[233860]: pam_unix(sshd:auth): authentication failure; logname= uid=0 euid=0 tty=ssh ruser= rhost=82.67.33.183  user=root
Jun  8 00:07:25 ubuntu sshd[233862]: Connection closed by invalid user zilliqa 161.35.28.178 port 44958 [preauth]
Jun  8 00:07:26 ubuntu sshd[233860]: Failed password for root from 82.67.33.183 port 34998 ssh2
Jun  8 00:07:28 ubuntu sshd[233860]: Connection closed by authenticating user root 82.67.33.183 port 34998 [preauth]
